Archive member included because of file (symbol)

c:/users/ahmed atef/desktop/eclipse/sdk_win_64/sdk_win_64/winavr/bin/../lib/gcc/avr/4.3.3/avr5\libgcc.a(_udivmodhi4.o)
                              ./Door/APP/main/main.o (__udivmodhi4)
c:/users/ahmed atef/desktop/eclipse/sdk_win_64/sdk_win_64/winavr/bin/../lib/gcc/avr/4.3.3/avr5\libgcc.a(_exit.o)
                              c:/users/ahmed atef/desktop/eclipse/sdk_win_64/sdk_win_64/winavr/bin/../lib/gcc/avr/4.3.3/../../../../avr/lib/avr5/crtm32.o (exit)
c:/users/ahmed atef/desktop/eclipse/sdk_win_64/sdk_win_64/winavr/bin/../lib/gcc/avr/4.3.3/avr5\libgcc.a(_copy_data.o)
                              ./Door/MCAL/UART/UART.o (__do_copy_data)
c:/users/ahmed atef/desktop/eclipse/sdk_win_64/sdk_win_64/winavr/bin/../lib/gcc/avr/4.3.3/../../../../avr/lib/avr5\libc.a(itoa.o)
                              ./Door/HAL/LCD/LCD.o (itoa)
c:/users/ahmed atef/desktop/eclipse/sdk_win_64/sdk_win_64/winavr/bin/../lib/gcc/avr/4.3.3/../../../../avr/lib/avr5\libc.a(strrev.o)
                              c:/users/ahmed atef/desktop/eclipse/sdk_win_64/sdk_win_64/winavr/bin/../lib/gcc/avr/4.3.3/../../../../avr/lib/avr5\libc.a(itoa.o) (strrev)

Memory Configuration

Name             Origin             Length             Attributes
text             0x00000000         0x00020000         xr
data             0x00800060         0x0000ffa0         rw !x
eeprom           0x00810000         0x00010000         rw !x
fuse             0x00820000         0x00000400         rw !x
lock             0x00830000         0x00000400         rw !x
signature        0x00840000         0x00000400         rw !x
*default*        0x00000000         0xffffffff

Linker script and memory map

LOAD c:/users/ahmed atef/desktop/eclipse/sdk_win_64/sdk_win_64/winavr/bin/../lib/gcc/avr/4.3.3/../../../../avr/lib/avr5/crtm32.o
LOAD ./Door/MCAL/UART/UART.o
LOAD ./Door/MCAL/DIO/DIO.o
LOAD ./Door/HAL/keypad/keypad.o
LOAD ./Door/HAL/LCD/LCD.o
LOAD ./Door/APP/main/main.o
LOAD c:/users/ahmed atef/desktop/eclipse/sdk_win_64/sdk_win_64/winavr/bin/../lib/gcc/avr/4.3.3/avr5\libgcc.a
LOAD c:/users/ahmed atef/desktop/eclipse/sdk_win_64/sdk_win_64/winavr/bin/../lib/gcc/avr/4.3.3/../../../../avr/lib/avr5\libc.a
LOAD c:/users/ahmed atef/desktop/eclipse/sdk_win_64/sdk_win_64/winavr/bin/../lib/gcc/avr/4.3.3/avr5\libgcc.a

.hash
 *(.hash)

.dynsym
 *(.dynsym)

.dynstr
 *(.dynstr)

.gnu.version
 *(.gnu.version)

.gnu.version_d
 *(.gnu.version_d)

.gnu.version_r
 *(.gnu.version_r)

.rel.init
 *(.rel.init)

.rela.init
 *(.rela.init)

.rel.text
 *(.rel.text)
 *(.rel.text.*)
 *(.rel.gnu.linkonce.t*)

.rela.text
 *(.rela.text)
 *(.rela.text.*)
 *(.rela.gnu.linkonce.t*)

.rel.fini
 *(.rel.fini)

.rela.fini
 *(.rela.fini)

.rel.rodata
 *(.rel.rodata)
 *(.rel.rodata.*)
 *(.rel.gnu.linkonce.r*)

.rela.rodata
 *(.rela.rodata)
 *(.rela.rodata.*)
 *(.rela.gnu.linkonce.r*)

.rel.data
 *(.rel.data)
 *(.rel.data.*)
 *(.rel.gnu.linkonce.d*)

.rela.data
 *(.rela.data)
 *(.rela.data.*)
 *(.rela.gnu.linkonce.d*)

.rel.ctors
 *(.rel.ctors)

.rela.ctors
 *(.rela.ctors)

.rel.dtors
 *(.rel.dtors)

.rela.dtors
 *(.rela.dtors)

.rel.got
 *(.rel.got)

.rela.got
 *(.rela.got)

.rel.bss
 *(.rel.bss)

.rela.bss
 *(.rela.bss)

.rel.plt
 *(.rel.plt)

.rela.plt
 *(.rela.plt)

.text           0x00000000      0x9a2
 *(.vectors)
 .vectors       0x00000000       0x54 c:/users/ahmed atef/desktop/eclipse/sdk_win_64/sdk_win_64/winavr/bin/../lib/gcc/avr/4.3.3/../../../../avr/lib/avr5/crtm32.o
                0x00000000                __vectors
                0x00000000                __vector_default
 *(.vectors)
 *(.progmem.gcc*)
 *(.progmem*)
                0x00000054                . = ALIGN (0x2)
                0x00000054                __trampolines_start = .
 *(.trampolines)
 .trampolines   0x00000054        0x0 linker stubs
 *(.trampolines*)
                0x00000054                __trampolines_end = .
 *(.jumptables)
 *(.jumptables*)
 *(.lowtext)
 *(.lowtext*)
                0x00000054                __ctors_start = .
 *(.ctors)
                0x00000054                __ctors_end = .
                0x00000054                __dtors_start = .
 *(.dtors)
                0x00000054                __dtors_end = .
 SORT(*)(.ctors)
 SORT(*)(.dtors)
 *(.init0)
 .init0         0x00000054        0x0 c:/users/ahmed atef/desktop/eclipse/sdk_win_64/sdk_win_64/winavr/bin/../lib/gcc/avr/4.3.3/../../../../avr/lib/avr5/crtm32.o
                0x00000054                __init
 *(.init0)
 *(.init1)
 *(.init1)
 *(.init2)
 .init2         0x00000054        0xc c:/users/ahmed atef/desktop/eclipse/sdk_win_64/sdk_win_64/winavr/bin/../lib/gcc/avr/4.3.3/../../../../avr/lib/avr5/crtm32.o
 *(.init2)
 *(.init3)
 *(.init3)
 *(.init4)
 .init4         0x00000060       0x16 c:/users/ahmed atef/desktop/eclipse/sdk_win_64/sdk_win_64/winavr/bin/../lib/gcc/avr/4.3.3/avr5\libgcc.a(_copy_data.o)
                0x00000060                __do_copy_data
 *(.init4)
 *(.init5)
 *(.init5)
 *(.init6)
 *(.init6)
 *(.init7)
 *(.init7)
 *(.init8)
 *(.init8)
 *(.init9)
 .init9         0x00000076        0x8 c:/users/ahmed atef/desktop/eclipse/sdk_win_64/sdk_win_64/winavr/bin/../lib/gcc/avr/4.3.3/../../../../avr/lib/avr5/crtm32.o
 *(.init9)
 *(.text)
 .text          0x0000007e        0x4 c:/users/ahmed atef/desktop/eclipse/sdk_win_64/sdk_win_64/winavr/bin/../lib/gcc/avr/4.3.3/../../../../avr/lib/avr5/crtm32.o
                0x0000007e                __vector_1
                0x0000007e                __vector_12
                0x0000007e                __bad_interrupt
                0x0000007e                __vector_6
                0x0000007e                __vector_3
                0x0000007e                __vector_11
                0x0000007e                __vector_13
                0x0000007e                __vector_17
                0x0000007e                __vector_19
                0x0000007e                __vector_7
                0x0000007e                __vector_5
                0x0000007e                __vector_4
                0x0000007e                __vector_9
                0x0000007e                __vector_2
                0x0000007e                __vector_15
                0x0000007e                __vector_8
                0x0000007e                __vector_14
                0x0000007e                __vector_10
                0x0000007e                __vector_16
                0x0000007e                __vector_18
                0x0000007e                __vector_20
 .text          0x00000082        0x0 ./Door/MCAL/UART/UART.o
 .text          0x00000082        0x0 ./Door/MCAL/DIO/DIO.o
 .text          0x00000082        0x0 ./Door/HAL/keypad/keypad.o
 .text          0x00000082        0x0 ./Door/HAL/LCD/LCD.o
 .text          0x00000082        0x0 ./Door/APP/main/main.o
 .text          0x00000082        0x0 c:/users/ahmed atef/desktop/eclipse/sdk_win_64/sdk_win_64/winavr/bin/../lib/gcc/avr/4.3.3/avr5\libgcc.a(_udivmodhi4.o)
 .text          0x00000082        0x0 c:/users/ahmed atef/desktop/eclipse/sdk_win_64/sdk_win_64/winavr/bin/../lib/gcc/avr/4.3.3/avr5\libgcc.a(_exit.o)
 .text          0x00000082        0x0 c:/users/ahmed atef/desktop/eclipse/sdk_win_64/sdk_win_64/winavr/bin/../lib/gcc/avr/4.3.3/avr5\libgcc.a(_copy_data.o)
 .text          0x00000082        0x0 c:/users/ahmed atef/desktop/eclipse/sdk_win_64/sdk_win_64/winavr/bin/../lib/gcc/avr/4.3.3/../../../../avr/lib/avr5\libc.a(itoa.o)
 .text          0x00000082        0x0 c:/users/ahmed atef/desktop/eclipse/sdk_win_64/sdk_win_64/winavr/bin/../lib/gcc/avr/4.3.3/../../../../avr/lib/avr5\libc.a(strrev.o)
                0x00000082                . = ALIGN (0x2)
 *(.text.*)
 .text.USART_Init
                0x00000082       0x14 ./Door/MCAL/UART/UART.o
                0x00000082                USART_Init
 .text.USART_sendByte
                0x00000096        0x8 ./Door/MCAL/UART/UART.o
                0x00000096                USART_sendByte
 .text.USART_receiveByte
                0x0000009e        0x8 ./Door/MCAL/UART/UART.o
                0x0000009e                USART_receiveByte
 .text.USART_sendString
                0x000000a6       0x1a ./Door/MCAL/UART/UART.o
                0x000000a6                USART_sendString
 .text.USART_receiveString
                0x000000c0       0x32 ./Door/MCAL/UART/UART.o
                0x000000c0                USART_receiveString
 .text.Set_PinDir
                0x000000f2       0xe2 ./Door/MCAL/DIO/DIO.o
                0x000000f2                Set_PinDir
 .text.Set_PinLevel
                0x000001d4       0xe2 ./Door/MCAL/DIO/DIO.o
                0x000001d4                Set_PinLevel
 .text.Read_PinLevel
                0x000002b6       0x34 ./Door/MCAL/DIO/DIO.o
                0x000002b6                Read_PinLevel
 .text.Set_GroupDir
                0x000002ea       0x22 ./Door/MCAL/DIO/DIO.o
                0x000002ea                Set_GroupDir
 .text.Set_GroupLevel
                0x0000030c       0x22 ./Door/MCAL/DIO/DIO.o
                0x0000030c                Set_GroupLevel
 .text.Keypad_GetPressedKey
                0x0000032e       0xee ./Door/HAL/keypad/keypad.o
                0x0000032e                Keypad_GetPressedKey
 .text.Send_CMD
                0x0000041c       0x22 ./Door/HAL/LCD/LCD.o
                0x0000041c                Send_CMD
 .text.Send_DATA
                0x0000043e       0x22 ./Door/HAL/LCD/LCD.o
                0x0000043e                Send_DATA
 .text.Display_Str
                0x00000460       0x26 ./Door/HAL/LCD/LCD.o
                0x00000460                Display_Str
 .text.Go_To_Row_Col
                0x00000486       0x26 ./Door/HAL/LCD/LCD.o
                0x00000486                Go_To_Row_Col
 .text.LCD_CLEAR
                0x000004ac        0x8 ./Door/HAL/LCD/LCD.o
                0x000004ac                LCD_CLEAR
 .text.Display_Str_Row_Col
                0x000004b4       0x16 ./Door/HAL/LCD/LCD.o
                0x000004b4                Display_Str_Row_Col
 .text.Integer_TO_String
                0x000004ca       0x46 ./Door/HAL/LCD/LCD.o
                0x000004ca                Integer_TO_String
 .text.LCD_Init
                0x00000510       0x52 ./Door/HAL/LCD/LCD.o
                0x00000510                LCD_Init
 .text.main     0x00000562      0x3b2 ./Door/APP/main/main.o
                0x00000562                main
 .text.libgcc   0x00000914       0x28 c:/users/ahmed atef/desktop/eclipse/sdk_win_64/sdk_win_64/winavr/bin/../lib/gcc/avr/4.3.3/avr5\libgcc.a(_udivmodhi4.o)
                0x00000914                __udivmodhi4
 .text.libgcc   0x0000093c        0x0 c:/users/ahmed atef/desktop/eclipse/sdk_win_64/sdk_win_64/winavr/bin/../lib/gcc/avr/4.3.3/avr5\libgcc.a(_exit.o)
 .text.libgcc   0x0000093c        0x0 c:/users/ahmed atef/desktop/eclipse/sdk_win_64/sdk_win_64/winavr/bin/../lib/gcc/avr/4.3.3/avr5\libgcc.a(_copy_data.o)
 .text.avr-libc
                0x0000093c       0x42 c:/users/ahmed atef/desktop/eclipse/sdk_win_64/sdk_win_64/winavr/bin/../lib/gcc/avr/4.3.3/../../../../avr/lib/avr5\libc.a(itoa.o)
                0x0000093c                itoa
 .text.avr-libc
                0x0000097e       0x20 c:/users/ahmed atef/desktop/eclipse/sdk_win_64/sdk_win_64/winavr/bin/../lib/gcc/avr/4.3.3/../../../../avr/lib/avr5\libc.a(strrev.o)
                0x0000097e                strrev
                0x0000099e                . = ALIGN (0x2)
 *(.fini9)
 .fini9         0x0000099e        0x0 c:/users/ahmed atef/desktop/eclipse/sdk_win_64/sdk_win_64/winavr/bin/../lib/gcc/avr/4.3.3/avr5\libgcc.a(_exit.o)
                0x0000099e                exit
                0x0000099e                _exit
 *(.fini9)
 *(.fini8)
 *(.fini8)
 *(.fini7)
 *(.fini7)
 *(.fini6)
 *(.fini6)
 *(.fini5)
 *(.fini5)
 *(.fini4)
 *(.fini4)
 *(.fini3)
 *(.fini3)
 *(.fini2)
 *(.fini2)
 *(.fini1)
 *(.fini1)
 *(.fini0)
 .fini0         0x0000099e        0x4 c:/users/ahmed atef/desktop/eclipse/sdk_win_64/sdk_win_64/winavr/bin/../lib/gcc/avr/4.3.3/avr5\libgcc.a(_exit.o)
 *(.fini0)
                0x000009a2                _etext = .

.data           0x00800060       0xbc load address 0x000009a2
                0x00800060                PROVIDE (__data_start, .)
 *(.data)
 .data          0x00800060        0x0 c:/users/ahmed atef/desktop/eclipse/sdk_win_64/sdk_win_64/winavr/bin/../lib/gcc/avr/4.3.3/../../../../avr/lib/avr5/crtm32.o
 .data          0x00800060        0x2 ./Door/MCAL/UART/UART.o
 .data          0x00800062        0x0 ./Door/MCAL/DIO/DIO.o
 .data          0x00800062        0x0 ./Door/HAL/keypad/keypad.o
 .data          0x00800062        0x0 ./Door/HAL/LCD/LCD.o
 .data          0x00800062       0xb9 ./Door/APP/main/main.o
 .data          0x0080011b        0x0 c:/users/ahmed atef/desktop/eclipse/sdk_win_64/sdk_win_64/winavr/bin/../lib/gcc/avr/4.3.3/avr5\libgcc.a(_udivmodhi4.o)
 .data          0x0080011b        0x0 c:/users/ahmed atef/desktop/eclipse/sdk_win_64/sdk_win_64/winavr/bin/../lib/gcc/avr/4.3.3/avr5\libgcc.a(_exit.o)
 .data          0x0080011b        0x0 c:/users/ahmed atef/desktop/eclipse/sdk_win_64/sdk_win_64/winavr/bin/../lib/gcc/avr/4.3.3/avr5\libgcc.a(_copy_data.o)
 .data          0x0080011b        0x0 c:/users/ahmed atef/desktop/eclipse/sdk_win_64/sdk_win_64/winavr/bin/../lib/gcc/avr/4.3.3/../../../../avr/lib/avr5\libc.a(itoa.o)
 .data          0x0080011b        0x0 c:/users/ahmed atef/desktop/eclipse/sdk_win_64/sdk_win_64/winavr/bin/../lib/gcc/avr/4.3.3/../../../../avr/lib/avr5\libc.a(strrev.o)
 *(.data*)
 *(.rodata)
 *(.rodata*)
 *(.gnu.linkonce.d*)
                0x0080011c                . = ALIGN (0x2)
 *fill*         0x0080011b        0x1 00
                0x0080011c                _edata = .
                0x0080011c                PROVIDE (__data_end, .)

.bss            0x0080011c        0x0
                0x0080011c                PROVIDE (__bss_start, .)
 *(.bss)
 .bss           0x0080011c        0x0 c:/users/ahmed atef/desktop/eclipse/sdk_win_64/sdk_win_64/winavr/bin/../lib/gcc/avr/4.3.3/../../../../avr/lib/avr5/crtm32.o
 .bss           0x0080011c        0x0 ./Door/MCAL/UART/UART.o
 .bss           0x0080011c        0x0 ./Door/MCAL/DIO/DIO.o
 .bss           0x0080011c        0x0 ./Door/HAL/keypad/keypad.o
 .bss           0x0080011c        0x0 ./Door/HAL/LCD/LCD.o
 .bss           0x0080011c        0x0 ./Door/APP/main/main.o
 .bss           0x0080011c        0x0 c:/users/ahmed atef/desktop/eclipse/sdk_win_64/sdk_win_64/winavr/bin/../lib/gcc/avr/4.3.3/avr5\libgcc.a(_udivmodhi4.o)
 .bss           0x0080011c        0x0 c:/users/ahmed atef/desktop/eclipse/sdk_win_64/sdk_win_64/winavr/bin/../lib/gcc/avr/4.3.3/avr5\libgcc.a(_exit.o)
 .bss           0x0080011c        0x0 c:/users/ahmed atef/desktop/eclipse/sdk_win_64/sdk_win_64/winavr/bin/../lib/gcc/avr/4.3.3/avr5\libgcc.a(_copy_data.o)
 .bss           0x0080011c        0x0 c:/users/ahmed atef/desktop/eclipse/sdk_win_64/sdk_win_64/winavr/bin/../lib/gcc/avr/4.3.3/../../../../avr/lib/avr5\libc.a(itoa.o)
 .bss           0x0080011c        0x0 c:/users/ahmed atef/desktop/eclipse/sdk_win_64/sdk_win_64/winavr/bin/../lib/gcc/avr/4.3.3/../../../../avr/lib/avr5\libc.a(strrev.o)
 *(.bss*)
 *(COMMON)
                0x0080011c                PROVIDE (__bss_end, .)
                0x000009a2                __data_load_start = LOADADDR (.data)
                0x00000a5e                __data_load_end = (__data_load_start + SIZEOF (.data))

.noinit         0x0080011c        0x0
                0x0080011c                PROVIDE (__noinit_start, .)
 *(.noinit*)
                0x0080011c                PROVIDE (__noinit_end, .)
                0x0080011c                _end = .
                0x0080011c                PROVIDE (__heap_start, .)

.eeprom         0x00810000        0x0
 *(.eeprom*)
                0x00810000                __eeprom_end = .

.fuse
 *(.fuse)
 *(.lfuse)
 *(.hfuse)
 *(.efuse)

.lock
 *(.lock*)

.signature
 *(.signature*)

.stab
 *(.stab)

.stabstr
 *(.stabstr)

.stab.excl
 *(.stab.excl)

.stab.exclstr
 *(.stab.exclstr)

.stab.index
 *(.stab.index)

.stab.indexstr
 *(.stab.indexstr)

.comment
 *(.comment)

.debug
 *(.debug)

.line
 *(.line)

.debug_srcinfo
 *(.debug_srcinfo)

.debug_sfnames
 *(.debug_sfnames)

.debug_aranges
 *(.debug_aranges)

.debug_pubnames
 *(.debug_pubnames)

.debug_info
 *(.debug_info)
 *(.gnu.linkonce.wi.*)

.debug_abbrev
 *(.debug_abbrev)

.debug_line
 *(.debug_line)

.debug_frame
 *(.debug_frame)

.debug_str
 *(.debug_str)

.debug_loc
 *(.debug_loc)

.debug_macinfo
 *(.debug_macinfo)
OUTPUT(smart_door.elf elf32-avr)
LOAD linker stubs
